../Core/Src/main.c:78:5:find_string	40	static
../Core/Src/main.c:97:5:wait_ok	16	static
../Core/Src/main.c:110:5:wait	24	static
../Core/Src/main.c:121:6:wifi_init	16	static
../Core/Src/main.c:166:9:handle_request	24	static
../Core/Src/main.c:190:9:handle_route	72	static
../Core/Src/main.c:214:6:handle_command	32	static
../Core/Src/main.c:220:7:handle_led_on	16	static
../Core/Src/main.c:226:7:handle_led_off	16	static
../Core/Src/main.c:238:5:main	288	static
../Core/Src/main.c:316:6:SystemClock_Config	88	static
../Core/Src/main.c:364:13:MX_USART1_UART_Init	8	static
../Core/Src/main.c:395:13:MX_DMA_Init	16	static
../Core/Src/main.c:416:13:MX_GPIO_Init	32	static
../Core/Src/main.c:447:6:Error_Handler	4	static,ignoring_inline_asm
